// Jest Snapshot v1, https://goo.gl/fbAQLP

exports[`returns a new state 1`] = `
Object {
  "email": undefined,
}
`;
